// Jest Snapshot v1, https://goo.gl/fbAQLP

exports[`Login component Snapshot 1`] = `
<DocumentFragment>
  <div
    class="css-151wynj"
  >
    <div
      class="chakra-select__wrapper css-dsdwpa"
    >
      <select
        class="chakra-select css-1xl1c6r"
        data-testid="languageSelector"
      >
        <option
          value=""
        >
          languageSwitch
        </option>
        <option
          value="en"
        >
          English
        </option>
        <option
          value="zh-TW"
        >
          繁體中文
        </option>
      </select>
      <div
        class="chakra-select__icon-wrapper css-zj2dqk"
      >
        <svg
          aria-hidden="true"
          class="chakra-select__icon"
          focusable="false"
          role="presentation"
          style="width: 1em; height: 1em; color: currentColor;"
          viewBox="0 0 24 24"
        >
          <path
            d="M16.59 8.59L12 13.17 7.41 8.59 6 10l6 6 6-6z"
            fill="currentColor"
          />
        </svg>
      </div>
    </div>
  </div>
  <div
    class="css-g6o626"
  >
    <h1
      class="chakra-heading css-1pwqplt"
    >
      <p
        class="chakra-text css-16l8t46"
      >
        welcome
      </p>
      Game Note
    </h1>
    <div
      class="css-w736gn"
    >
      <button
        class="chakra-button css-h2xeff"
        type="button"
      >
        GitHub login
      </button>
      <button
        class="chakra-button css-h2xeff"
        type="button"
      >
        Email login
      </button>
      <div
        class="chakra-fade"
        style="opacity: 0;"
      >
        <p>
          EmailLogin
        </p>
      </div>
    </div>
  </div>
</DocumentFragment>
`;
