// Jest Snapshot v1, https://goo.gl/fbAQLP

exports[`test password toggle visible 1`] = `
<div>
  <h1>
    Game Note
  </h1>
  <article
    class="loginComponent"
  >
    <form>
      <div
        class="inputBlock"
      >
        <label
          for="email"
        >
          Email:
        </label>
        <input
          autocomplete="username"
          id="email"
          name="email"
          required=""
          type="email"
        />
      </div>
      <div
        class="inputBlock"
      >
        <label
          for="password"
        >
          Password:
        </label>
        <div
          class="passwordInputBlock"
        >
          <input
            autocomplete="current-password"
            id="password"
            name="password"
            required=""
            type="password"
          />
          <img
            alt="Click to toggle password visible"
            class="toggleVisibleButton"
            data-testid="toggleVisible"
            src="[object Object]"
          />
        </div>
      </div>
      <button
        class="loginButton"
        type="submit"
      >
        Login
      </button>
    </form>
  </article>
</div>
`;
